--
-- Dump generated by PostgreSQL Anonymizer 0.7
--
--
-- PostgreSQL database dump
--

-- Dumped from database version 12.2 (Debian 12.2-2.pgdg100+1)
-- Dumped by pg_dump version 12.2 (Debian 12.2-2.pgdg100+1)

SET statement_timeout = 0;
SET lock_timeout = 0;
SET idle_in_transaction_session_timeout = 0;
SET client_encoding = 'UTF8';
SET standard_conforming_strings = on;
SELECT pg_catalog.set_config('search_path', '', false);
SET check_function_bodies = false;
SET xmloption = content;
SET client_min_messages = warning;
SET row_security = off;

--
--



--
--



--
--



--
--



--
--



--
--



SET default_tablespace = '';

SET default_table_access_method = heap;

--
-- Name: cluedo; Type: TABLE; Schema: public; Owner: postgres
--

CREATE TABLE public.cluedo (
    name text,
    weapon text,
    room text
);


ALTER TABLE public.cluedo OWNER TO postgres;

--
-- PostgreSQL database dump complete
--

COPY public.cluedo FROM STDIN WITH CSV;
,Candlestick,Kitchen
\.

